<?xml version="1.0" encoding="UTF-8" ?>
<testsuites>
 <testsuite name="focused specs" timestamp="2017-01-15T16:20:51" hostname="localhost" time="0.01" errors="0" tests="6" skipped="0" disabled="0" failures="0">
  <testcase classname="focused specs" name="runs" time="0.002" />
  <testcase classname="focused specs" name="Should not exceed max parts" time="0" />
  <testcase classname="focused specs" name="Should not crash with a blank config" time="0" />
  <testcase classname="focused specs" name="Should not fail with nonexistent delimiters" time="0.001" />
  <testcase classname="focused specs" name="Should parse meta characters and special characters" time="0" />
  <testcase classname="focused specs" name="Should return the same results if settings are returned back to normal" time="0" />
 </testsuite>
 <testsuite name="focused specs.Simple 140 character tweets" timestamp="2017-01-15T16:20:51" hostname="localhost" time="0.003" errors="0" tests="3" skipped="0" disabled="0" failures="0">
  <testcase classname="focused specs.Simple 140 character tweets" name="should have an input of 140 chars exactly" time="0.001" />
  <testcase classname="focused specs.Simple 140 character tweets" name="should return exactly an array of size 1" time="0.001" />
  <testcase classname="focused specs.Simple 140 character tweets" name="should not be modified" time="0.001" />
 </testsuite>
 <testsuite name="focused specs.When there are meta characters" timestamp="2017-01-15T16:20:51" hostname="localhost" time="0" errors="0" tests="1" skipped="0" disabled="0" failures="0">
  <testcase classname="focused specs.When there are meta characters" name="Should count each newline as a character" time="0" />
 </testsuite>
 <testsuite name="focused specs.Handling spaces and concatenation: " timestamp="2017-01-15T16:20:51" hostname="localhost" time="0.001" errors="0" tests="1" skipped="0" disabled="0" failures="0">
  <testcase classname="focused specs.Handling spaces and concatenation: " name="should trim spaces and concatenated it to one tweet if it can fit" time="0" />
 </testsuite>
 <testsuite name="focused specs.Handling spaces and concatenation: .should add a space right before the pagination count" timestamp="2017-01-15T16:20:51" hostname="localhost" time="0.001" errors="0" tests="1" skipped="0" disabled="0" failures="0">
  <testcase classname="focused specs.Handling spaces and concatenation: .should add a space right before the pagination count" name="should add a space with ellipses on" time="0.001" />
 </testsuite>
</testsuites>